// Jest Snapshot v1, https://goo.gl/fbAQLP

exports[`MegaSenaScreen deve exibir o estado de carregamento corretamente 1`] = `
<Text
  style={
    {
      "fontSize": 16,
    }
  }
>
  Carregando...
</Text>
`;

exports[`MegaSenaScreen deve exibir o t√≠tulo da Mega-Sena 1`] = `
<View
  style={
    {
      "alignItems": "center",
      "flex": 1,
      "justifyContent": "center",
    }
  }
>
  <Text
    style={
      {
        "alignSelf": "center",
        "fontSize": 24,
        "fontWeight": "bold",
        "marginBottom": 16,
      }
    }
  >
    MEGA-SENA
  </Text>
  <View
    style={
      {
        "flexDirection": "row",
      }
    }
  >
    <View
      style={
        [
          {
            "alignItems": "center",
            "borderRadius": 25,
            "height": 50,
            "justifyContent": "center",
            "margin": 4,
            "width": 50,
          },
          {
            "backgroundColor": "#209869",
            "margin": 8,
          },
        ]
      }
    >
      <Text
        style={
          [
            {
              "fontSize": 16,
              "fontWeight": "bold",
            },
            {
              "color": "#ffffff",
            },
          ]
        }
      >
        7
      </Text>
    </View>
    <View
      style={
        [
          {
            "alignItems": "center",
            "borderRadius": 25,
            "height": 50,
            "justifyContent": "center",
            "margin": 4,
            "width": 50,
          },
          {
            "backgroundColor": "#209869",
            "margin": 8,
          },
        ]
      }
    >
      <Text
        style={
          [
            {
              "fontSize": 16,
              "fontWeight": "bold",
            },
            {
              "color": "#ffffff",
            },
          ]
        }
      >
        12
      </Text>
    </View>
    <View
      style={
        [
          {
            "alignItems": "center",
            "borderRadius": 25,
            "height": 50,
            "justifyContent": "center",
            "margin": 4,
            "width": 50,
          },
          {
            "backgroundColor": "#209869",
            "margin": 8,
          },
        ]
      }
    >
      <Text
        style={
          [
            {
              "fontSize": 16,
              "fontWeight": "bold",
            },
            {
              "color": "#ffffff",
            },
          ]
        }
      >
        23
      </Text>
    </View>
    <View
      style={
        [
          {
            "alignItems": "center",
            "borderRadius": 25,
            "height": 50,
            "justifyContent": "center",
            "margin": 4,
            "width": 50,
          },
          {
            "backgroundColor": "#209869",
            "margin": 8,
          },
        ]
      }
    >
      <Text
        style={
          [
            {
              "fontSize": 16,
              "fontWeight": "bold",
            },
            {
              "color": "#ffffff",
            },
          ]
        }
      >
        34
      </Text>
    </View>
    <View
      style={
        [
          {
            "alignItems": "center",
            "borderRadius": 25,
            "height": 50,
            "justifyContent": "center",
            "margin": 4,
            "width": 50,
          },
          {
            "backgroundColor": "#209869",
            "margin": 8,
          },
        ]
      }
    >
      <Text
        style={
          [
            {
              "fontSize": 16,
              "fontWeight": "bold",
            },
            {
              "color": "#ffffff",
            },
          ]
        }
      >
        45
      </Text>
    </View>
    <View
      style={
        [
          {
            "alignItems": "center",
            "borderRadius": 25,
            "height": 50,
            "justifyContent": "center",
            "margin": 4,
            "width": 50,
          },
          {
            "backgroundColor": "#209869",
            "margin": 8,
          },
        ]
      }
    >
      <Text
        style={
          [
            {
              "fontSize": 16,
              "fontWeight": "bold",
            },
            {
              "color": "#ffffff",
            },
          ]
        }
      >
        56
      </Text>
    </View>
  </View>
  <Text
    style={
      {
        "color": "#5d5d5d",
        "fontSize": 14,
        "marginTop": 4,
      }
    }
  >
     
    29 de Outubro de 2024
  </Text>
</View>
`;
